main.c:103:6:disp_buffer_update	16	static
main.c:241:6:put_dot	16	static
main.c:280:6:switch_disp_com	8	static
main.c:333:6:HAL_TIM_PeriodElapsedCallback	32	static
main.c:394:6:HAL_GPIO_EXTI_Callback	16	static
main.c:419:5:main	16	static
main.c:493:6:SystemClock_Config	88	static
main.c:536:13:MX_SPI1_Init	8	static
main.c:574:13:MX_TIM10_Init	8	static
main.c:605:13:MX_USART2_UART_Init	8	static
main.c:636:13:MX_DMA_Init	16	static
main.c:657:13:MX_GPIO_Init	48	static
main.c:719:6:Error_Handler	4	static
